<?xml version="1.0" encoding="UTF-8"?>
<TestRun id="8e5d39f0-ca8e-4266-95b2-fded62b52996" name="jinchanglong@IC-JINCL-PC 2012-03-31 15:11:27" runUser="YGSOFT\jinchanglong" xmlns="http://microsoft.com/schemas/VisualStudio/TeamTest/2010">
  <TestSettings name="本地" id="94953c09-8701-4707-8647-9dc35c1618b9">
    <Description>这些设置为本地测试运行的默认测试设置。</Description>
    <Deployment enabled="false" runDeploymentRoot="jinchanglong_IC-JINCL-PC 2012-03-31 15_11_27">
      <DeploymentItem filename="E:\Opsins\Src\Opsins\Opsins.Library\bin\Debug\Opsins.Library.dll" />
    </Deployment>
    <Execution>
      <TestTypeSpecific />
      <AgentRule name="Execution Agents">
      </AgentRule>
    </Execution>
  </TestSettings>
  <Times creation="2012-03-31T15:11:27.3041441+08:00" queuing="2012-03-31T15:11:27.4711608+08:00" start="2012-03-31T15:11:27.4881625+08:00" finish="2012-03-31T15:11:27.7601897+08:00" />
  <ResultSummary outcome="Failed">
    <Counters total="1" executed="1" error="0" failed="1" timeout="0" aborted="0" inconclusive="0" passedButRunAborted="0" notRunnable="0" notExecuted="0" disconnected="0" warning="0" passed="0" completed="0" inProgress="0" pending="0" />
  </ResultSummary>
  <TestDefinitions>
    <UnitTest name="IsNotNullTest" storage="e:\opsins\src\opsins\opsins.library.tests\bin\debug\opsins.library.tests.dll" id="c288a13f-0451-3445-6540-e8ef39e23749">
      <Execution id="a39c95b7-9915-43e2-b27d-a3590d2778e2" />
      <TestMethod codeBase="E:/Opsins/Src/Opsins/Opsins.Library.Tests/bin/Debug/Opsins.Library.Tests.DLL" adapterTypeName="Microsoft.VisualStudio.TestTools.TestTypes.Unit.UnitTestAdapter, Microsoft.VisualStudio.QualityTools.Tips.UnitTest.Adapter, Version=10.0.0.0, Culture=neutral, PublicKeyToken=b03f5f7f11d50a3a" className="Opsins.Tests.ObjectExtensionsTest, Opsins.Library.Tests, Version=1.0.0.0, Culture=neutral, PublicKeyToken=null" name="IsNotNullTest" />
    </UnitTest>
  </TestDefinitions>
  <TestLists>
    <TestList name="列表中未列出的结果" id="8c84fa94-04c1-424b-9868-57a2d4851a1d" />
    <TestList name="所有已加载的结果" id="19431567-8539-422a-85d7-44ee4e166bda" />
  </TestLists>
  <TestEntries>
    <TestEntry testId="c288a13f-0451-3445-6540-e8ef39e23749" executionId="a39c95b7-9915-43e2-b27d-a3590d2778e2" testListId="8c84fa94-04c1-424b-9868-57a2d4851a1d" />
  </TestEntries>
  <Results>
    <UnitTestResult executionId="a39c95b7-9915-43e2-b27d-a3590d2778e2" testId="c288a13f-0451-3445-6540-e8ef39e23749" testName="IsNotNullTest" computerName="IC-JINCL-PC" duration="00:00:00.0383274" startTime="2012-03-31T15:11:27.4891626+08:00" endTime="2012-03-31T15:11:27.7421879+08:00" testType="13cdc9d9-ddb5-4fa4-a97d-d965ccfc6d4b" outcome="Failed" testListId="8c84fa94-04c1-424b-9868-57a2d4851a1d" relativeResultsDirectory="a39c95b7-9915-43e2-b27d-a3590d2778e2">
      <Output>
        <ErrorInfo>
          <Message>Assert.AreEqual 失败。应为: &lt;True&gt;，实际为: &lt;False&gt;。</Message>
          <StackTrace>   在 Opsins.Tests.ObjectExtensionsTest.IsNotNullTest() 位置 E:\Opsins\Src\Opsins\Opsins.Library.Tests\Extensions\System\ObjectExtensionsTest.cs:行号 35
</StackTrace>
        </ErrorInfo>
      </Output>
    </UnitTestResult>
  </Results>
</TestRun>