<?xml version="1.0" encoding="UTF-8"?>
<TestRun id="5395548e-c1f5-4cab-9362-9f519d231654" name="jinchanglong@IC-JINCL-PC 2012-03-31 15:19:29" runUser="YGSOFT\jinchanglong" xmlns="http://microsoft.com/schemas/VisualStudio/TeamTest/2010">
  <TestSettings name="本地" id="94953c09-8701-4707-8647-9dc35c1618b9">
    <Description>这些设置为本地测试运行的默认测试设置。</Description>
    <Deployment enabled="false" runDeploymentRoot="jinchanglong_IC-JINCL-PC 2012-03-31 15_19_29">
      <DeploymentItem filename="E:\Opsins\Src\Opsins\Opsins.Library\bin\Debug\Opsins.Library.dll" />
    </Deployment>
    <Execution>
      <TestTypeSpecific />
      <AgentRule name="Execution Agents">
      </AgentRule>
    </Execution>
  </TestSettings>
  <Times creation="2012-03-31T15:19:29.0373126+08:00" queuing="2012-03-31T15:19:55.0019088+08:00" start="2012-03-31T15:19:55.0099096+08:00" finish="2012-03-31T15:19:55.2859372+08:00" />
  <ResultSummary outcome="Completed">
    <Counters total="3" executed="3" passed="3" error="0" failed="0" timeout="0" aborted="0" inconclusive="0" passedButRunAborted="0" notRunnable="0" notExecuted="0" disconnected="0" warning="0" completed="0" inProgress="0" pending="0" />
  </ResultSummary>
  <TestDefinitions>
    <UnitTest name="IsNullTest" storage="e:\opsins\src\opsins\opsins.library.tests\bin\debug\opsins.library.tests.dll" id="aa4e672c-5404-54fc-a1af-8cb83c13c098">
      <Execution id="7f587e95-7001-496a-80fa-d5784c467403" />
      <TestMethod codeBase="E:/Opsins/Src/Opsins/Opsins.Library.Tests/bin/Debug/Opsins.Library.Tests.DLL" adapterTypeName="Microsoft.VisualStudio.TestTools.TestTypes.Unit.UnitTestAdapter, Microsoft.VisualStudio.QualityTools.Tips.UnitTest.Adapter, Version=10.0.0.0, Culture=neutral, PublicKeyToken=b03f5f7f11d50a3a" className="Opsins.Tests.ObjectExtensionsTest, Opsins.Library.Tests, Version=1.0.0.0, Culture=neutral, PublicKeyToken=null" name="IsNullTest" />
    </UnitTest>
    <UnitTest name="IfNullTest" storage="e:\opsins\src\opsins\opsins.library.tests\bin\debug\opsins.library.tests.dll" id="881a11f1-bd7a-8201-d1f8-bd84ba9f4b6e">
      <Execution id="9d432cec-5fc5-4239-a2ec-e00f33dc4b7d" />
      <TestMethod codeBase="E:/Opsins/Src/Opsins/Opsins.Library.Tests/bin/Debug/Opsins.Library.Tests.DLL" adapterTypeName="Microsoft.VisualStudio.TestTools.TestTypes.Unit.UnitTestAdapter, Microsoft.VisualStudio.QualityTools.Tips.UnitTest.Adapter, Version=10.0.0.0, Culture=neutral, PublicKeyToken=b03f5f7f11d50a3a" className="Opsins.Tests.ObjectExtensionsTest, Opsins.Library.Tests, Version=1.0.0.0, Culture=neutral, PublicKeyToken=null" name="IfNullTest" />
    </UnitTest>
    <UnitTest name="IsNotNullTest" storage="e:\opsins\src\opsins\opsins.library.tests\bin\debug\opsins.library.tests.dll" id="c288a13f-0451-3445-6540-e8ef39e23749">
      <Execution id="9707f7a4-6462-44e0-be0d-38ccc811aeb9" />
      <TestMethod codeBase="E:/Opsins/Src/Opsins/Opsins.Library.Tests/bin/Debug/Opsins.Library.Tests.DLL" adapterTypeName="Microsoft.VisualStudio.TestTools.TestTypes.Unit.UnitTestAdapter, Microsoft.VisualStudio.QualityTools.Tips.UnitTest.Adapter, Version=10.0.0.0, Culture=neutral, PublicKeyToken=b03f5f7f11d50a3a" className="Opsins.Tests.ObjectExtensionsTest, Opsins.Library.Tests, Version=1.0.0.0, Culture=neutral, PublicKeyToken=null" name="IsNotNullTest" />
    </UnitTest>
  </TestDefinitions>
  <TestLists>
    <TestList name="列表中未列出的结果" id="8c84fa94-04c1-424b-9868-57a2d4851a1d" />
    <TestList name="所有已加载的结果" id="19431567-8539-422a-85d7-44ee4e166bda" />
  </TestLists>
  <TestEntries>
    <TestEntry testId="881a11f1-bd7a-8201-d1f8-bd84ba9f4b6e" executionId="9d432cec-5fc5-4239-a2ec-e00f33dc4b7d" testListId="8c84fa94-04c1-424b-9868-57a2d4851a1d" />
    <TestEntry testId="aa4e672c-5404-54fc-a1af-8cb83c13c098" executionId="7f587e95-7001-496a-80fa-d5784c467403" testListId="8c84fa94-04c1-424b-9868-57a2d4851a1d" />
    <TestEntry testId="c288a13f-0451-3445-6540-e8ef39e23749" executionId="9707f7a4-6462-44e0-be0d-38ccc811aeb9" testListId="8c84fa94-04c1-424b-9868-57a2d4851a1d" />
  </TestEntries>
  <Results>
    <UnitTestResult executionId="9d432cec-5fc5-4239-a2ec-e00f33dc4b7d" testId="881a11f1-bd7a-8201-d1f8-bd84ba9f4b6e" testName="IfNullTest" computerName="IC-JINCL-PC" duration="00:00:00.0162984" startTime="2012-03-31T15:19:55.0149101+08:00" endTime="2012-03-31T15:19:55.2499336+08:00" testType="13cdc9d9-ddb5-4fa4-a97d-d965ccfc6d4b" outcome="Passed" testListId="8c84fa94-04c1-424b-9868-57a2d4851a1d" relativeResultsDirectory="9d432cec-5fc5-4239-a2ec-e00f33dc4b7d">
    </UnitTestResult>
    <UnitTestResult executionId="7f587e95-7001-496a-80fa-d5784c467403" testId="aa4e672c-5404-54fc-a1af-8cb83c13c098" testName="IsNullTest" computerName="IC-JINCL-PC" duration="00:00:00.0003035" startTime="2012-03-31T15:19:55.2559342+08:00" endTime="2012-03-31T15:19:55.2579344+08:00" testType="13cdc9d9-ddb5-4fa4-a97d-d965ccfc6d4b" outcome="Passed" testListId="8c84fa94-04c1-424b-9868-57a2d4851a1d" relativeResultsDirectory="7f587e95-7001-496a-80fa-d5784c467403">
    </UnitTestResult>
    <UnitTestResult executionId="9707f7a4-6462-44e0-be0d-38ccc811aeb9" testId="c288a13f-0451-3445-6540-e8ef39e23749" testName="IsNotNullTest" computerName="IC-JINCL-PC" duration="00:00:00.0002264" startTime="2012-03-31T15:19:55.2649351+08:00" endTime="2012-03-31T15:19:55.2669353+08:00" testType="13cdc9d9-ddb5-4fa4-a97d-d965ccfc6d4b" outcome="Passed" testListId="8c84fa94-04c1-424b-9868-57a2d4851a1d" relativeResultsDirectory="9707f7a4-6462-44e0-be0d-38ccc811aeb9">
    </UnitTestResult>
  </Results>
</TestRun>