<?xml version="1.0" encoding="UTF-8"?>
<TestRun id="598eb928-4693-43b6-a9ed-f57718a5d66f" name="jinchanglong@IC-JINCL-PC 2012-03-31 15:25:53" runUser="YGSOFT\jinchanglong" xmlns="http://microsoft.com/schemas/VisualStudio/TeamTest/2010">
  <TestSettings name="本地" id="94953c09-8701-4707-8647-9dc35c1618b9">
    <Description>这些设置为本地测试运行的默认测试设置。</Description>
    <Deployment enabled="false" runDeploymentRoot="jinchanglong_IC-JINCL-PC 2012-03-31 15_25_53">
      <DeploymentItem filename="E:\Opsins\Src\Opsins\Opsins.Library\bin\Debug\Opsins.Library.dll" />
    </Deployment>
    <Execution>
      <TestTypeSpecific />
      <AgentRule name="Execution Agents">
      </AgentRule>
    </Execution>
  </TestSettings>
  <Times creation="2012-03-31T15:25:53.1888829+08:00" queuing="2012-03-31T15:25:53.2578967+08:00" start="2012-03-31T15:25:53.2949041+08:00" finish="2012-03-31T15:25:53.5429537+08:00" />
  <ResultSummary outcome="Completed">
    <Counters total="1" executed="1" passed="1" error="0" failed="0" timeout="0" aborted="0" inconclusive="0" passedButRunAborted="0" notRunnable="0" notExecuted="0" disconnected="0" warning="0" completed="0" inProgress="0" pending="0" />
  </ResultSummary>
  <TestDefinitions>
    <UnitTest name="IsNotEmptyTest" storage="e:\opsins\src\opsins\opsins.library.tests\bin\debug\opsins.library.tests.dll" id="744b9d1f-c5ad-bcc6-25b9-ed9440921294">
      <Execution id="98266d63-a6e3-4b2d-8a5c-627f99f68bb4" />
      <TestMethod codeBase="E:/Opsins/Src/Opsins/Opsins.Library.Tests/bin/Debug/Opsins.Library.Tests.DLL" adapterTypeName="Microsoft.VisualStudio.TestTools.TestTypes.Unit.UnitTestAdapter, Microsoft.VisualStudio.QualityTools.Tips.UnitTest.Adapter, Version=10.0.0.0, Culture=neutral, PublicKeyToken=b03f5f7f11d50a3a" className="Opsins.Tests.StringExtensionsTest, Opsins.Library.Tests, Version=1.0.0.0, Culture=neutral, PublicKeyToken=null" name="IsNotEmptyTest" />
    </UnitTest>
  </TestDefinitions>
  <TestLists>
    <TestList name="列表中未列出的结果" id="8c84fa94-04c1-424b-9868-57a2d4851a1d" />
    <TestList name="所有已加载的结果" id="19431567-8539-422a-85d7-44ee4e166bda" />
  </TestLists>
  <TestEntries>
    <TestEntry testId="744b9d1f-c5ad-bcc6-25b9-ed9440921294" executionId="98266d63-a6e3-4b2d-8a5c-627f99f68bb4" testListId="8c84fa94-04c1-424b-9868-57a2d4851a1d" />
  </TestEntries>
  <Results>
    <UnitTestResult executionId="98266d63-a6e3-4b2d-8a5c-627f99f68bb4" testId="744b9d1f-c5ad-bcc6-25b9-ed9440921294" testName="IsNotEmptyTest" computerName="IC-JINCL-PC" duration="00:00:00.0169291" startTime="2012-03-31T15:25:53.2969045+08:00" endTime="2012-03-31T15:25:53.5259503+08:00" testType="13cdc9d9-ddb5-4fa4-a97d-d965ccfc6d4b" outcome="Passed" testListId="8c84fa94-04c1-424b-9868-57a2d4851a1d" relativeResultsDirectory="98266d63-a6e3-4b2d-8a5c-627f99f68bb4">
    </UnitTestResult>
  </Results>
</TestRun>