<?xml version="1.0" encoding="UTF-8"?>
<TestRun id="a5575746-52f0-44d6-a241-495656fdfee0" name="jinchanglong@IC-JINCL-PC 2012-03-31 15:50:50" runUser="YGSOFT\jinchanglong" xmlns="http://microsoft.com/schemas/VisualStudio/TeamTest/2010">
  <TestSettings name="本地" id="94953c09-8701-4707-8647-9dc35c1618b9">
    <Description>这些设置为本地测试运行的默认测试设置。</Description>
    <Deployment enabled="false" runDeploymentRoot="jinchanglong_IC-JINCL-PC 2012-03-31 15_50_50">
      <DeploymentItem filename="E:\Opsins\Src\Opsins\Opsins.Library\bin\Debug\Opsins.Library.dll" />
    </Deployment>
    <Execution>
      <TestTypeSpecific />
      <AgentRule name="Execution Agents">
      </AgentRule>
    </Execution>
  </TestSettings>
  <Times creation="2012-03-31T15:50:50.1604014+08:00" queuing="2012-03-31T15:50:50.3444198+08:00" start="2012-03-31T15:50:50.3574211+08:00" finish="2012-03-31T15:50:50.6224476+08:00" />
  <ResultSummary outcome="Failed">
    <Counters total="1" executed="1" error="0" failed="1" timeout="0" aborted="0" inconclusive="0" passedButRunAborted="0" notRunnable="0" notExecuted="0" disconnected="0" warning="0" passed="0" completed="0" inProgress="0" pending="0" />
  </ResultSummary>
  <TestDefinitions>
    <UnitTest name="CompareTest" storage="e:\opsins\src\opsins\opsins.library.tests\bin\debug\opsins.library.tests.dll" id="355153fc-9698-af6c-afee-71fb9023e7f6">
      <Execution id="43003b1a-de9d-4007-b0fc-c6308189a8ee" />
      <TestMethod codeBase="E:/Opsins/Src/Opsins/Opsins.Library.Tests/bin/Debug/Opsins.Library.Tests.DLL" adapterTypeName="Microsoft.VisualStudio.TestTools.TestTypes.Unit.UnitTestAdapter, Microsoft.VisualStudio.QualityTools.Tips.UnitTest.Adapter, Version=10.0.0.0, Culture=neutral, PublicKeyToken=b03f5f7f11d50a3a" className="Opsins.Tests.StringExtensionsTest, Opsins.Library.Tests, Version=1.0.0.0, Culture=neutral, PublicKeyToken=null" name="CompareTest" />
    </UnitTest>
  </TestDefinitions>
  <TestLists>
    <TestList name="列表中未列出的结果" id="8c84fa94-04c1-424b-9868-57a2d4851a1d" />
    <TestList name="所有已加载的结果" id="19431567-8539-422a-85d7-44ee4e166bda" />
  </TestLists>
  <TestEntries>
    <TestEntry testId="355153fc-9698-af6c-afee-71fb9023e7f6" executionId="43003b1a-de9d-4007-b0fc-c6308189a8ee" testListId="8c84fa94-04c1-424b-9868-57a2d4851a1d" />
  </TestEntries>
  <Results>
    <UnitTestResult executionId="43003b1a-de9d-4007-b0fc-c6308189a8ee" testId="355153fc-9698-af6c-afee-71fb9023e7f6" testName="CompareTest" computerName="IC-JINCL-PC" duration="00:00:00.0347909" startTime="2012-03-31T15:50:50.3624216+08:00" endTime="2012-03-31T15:50:50.6024456+08:00" testType="13cdc9d9-ddb5-4fa4-a97d-d965ccfc6d4b" outcome="Failed" testListId="8c84fa94-04c1-424b-9868-57a2d4851a1d" relativeResultsDirectory="43003b1a-de9d-4007-b0fc-c6308189a8ee">
      <Output>
        <ErrorInfo>
          <Message>Assert.AreEqual 失败。应为: &lt;0&gt;，实际为: &lt;-1&gt;。</Message>
          <StackTrace>   在 Opsins.Tests.StringExtensionsTest.CompareTest() 位置 E:\Opsins\Src\Opsins\Opsins.Library.Tests\Extensions\System\StringExtensionsTest.cs:行号 63
</StackTrace>
        </ErrorInfo>
      </Output>
    </UnitTestResult>
  </Results>
</TestRun>